// Bun Snapshot v1, https://goo.gl/fbAQLP

exports[`server should add routes to scope if provided 1`] = `
{
  "success": true,
}
`;

exports[`server should be able to respond with mock: add mock route 1`] = `
{
  "success": true,
}
`;


exports[`server should be able to respond with mock: mock response 1`] = `"any user"`;

exports[`server should be able to clear scope: add mock route 1`] = `
{
  "success": true,
}
`;

exports[`server should be able to clear scope: mock response 1`] = `"any user"`;

exports[`server should be able to clear scope: clear scope 1`] = `
{
  "success": true,
}
`;

exports[`server should respond with defined status code and headers: add mock route 1`] = `
{
  "success": true,
}
`;

exports[`server should respond with defined status code and headers: mock response 1`] = `"user will be created"`;

exports[`server should respond with defined content type: add mock route 1`] = `
{
  "success": true,
}
`;


exports[`server should respond with defined content type: headers 1`] = `
{
  "content-type": "application/json",
  "x-custom-header": "custom-header-value",
}
`;
